// Jest Snapshot v1, https://goo.gl/fbAQLP

exports[`Disco.vue should match the snapshot 1`] = `
<div
  id="app"
>
  <nav
    class="menuContainer"
    id="menu-container"
  >
    <ul
      class="menu"
    >
      <li
        class="menuItem"
      >
        <a
          class="router-link-active"
          href="/"
        >
          
        トップ
      
        </a>
      </li>
       
      <li
        class="menuItem"
      >
        <a
          class=""
          href="/disco"
        >
          
        DISCOGRAPHY
      
        </a>
      </li>
       
      <li
        class="menuItem"
      >
        <a
          class=""
          href="/member"
        >
          
        メンバー紹介
      
        </a>
      </li>
       
      <li
        class="menuItem"
      >
        <a
          class=""
          href="/bbs"
        >
          
        一言掲示板
      
        </a>
      </li>
       
      <li
        class="menuItem"
      >
        <a
          class=""
          href="/beenya"
        >
          
        びーにゃの部屋
      
        </a>
      </li>
    </ul>
  </nav>
   
  <div
    class="mainContainer"
    id="main-container"
  >
    <a
      class="router-link-active"
      href="/"
    >
      <img
        class="logo"
        src="@/assets/logo_1.png"
      />
    </a>
     
    <div
      class="disco"
    >
      <h1
        class="h1"
      >
        DISCOGRAPHY
      </h1>
       
      <p>
        ★★★★★★★工事中★★★★★★★
      </p>
       
      <img
        alt="工事作業員のイラスト「おじぎ・お詫び」"
        src="@/assets/job_kouji_ojigi.png"
      />
    </div>
     
    <footer
      class="footer"
    >
      <p>
        ©定時後ビールタイム
      </p>
    </footer>
  </div>
</div>
`;
