// Jest Snapshot v1, https://goo.gl/fbAQLP

exports[`Top.vue should match the snapshot 1`] = `
<div
  id="app"
>
  <nav
    class="menuContainer"
    id="menu-container"
  >
    <ul
      class="menu"
    >
      <li
        class="menuItem"
      >
        <a
          class="router-link-active"
          href="/"
        >
          
        トップ
      
        </a>
      </li>
       
      <li
        class="menuItem"
      >
        <a
          class=""
          href="/disco"
        >
          
        DISCOGRAPHY
      
        </a>
      </li>
       
      <li
        class="menuItem"
      >
        <a
          class=""
          href="/member"
        >
          
        メンバー紹介
      
        </a>
      </li>
       
      <li
        class="menuItem"
      >
        <a
          class=""
          href="/bbs"
        >
          
        一言掲示板
      
        </a>
      </li>
       
      <li
        class="menuItem"
      >
        <a
          class=""
          href="/beenya"
        >
          
        びーにゃの部屋
      
        </a>
      </li>
    </ul>
  </nav>
   
  <div
    class="mainContainer"
    id="main-container"
  >
    <a
      class="router-link-active"
      href="/"
    >
      <img
        class="logo"
        src="@/assets/logo_1.png"
      />
    </a>
     
    <div
      class="top"
    >
      <h1
        class="h1"
      >
        <span
          class="blink"
        >
          定時後ビールタイム公式サイト
        </span>
      </h1>
       
      <p>
        <span
          class="blink"
        >
          🎉🎉🎉🎉🎉🎉🎉祝！M3当選！🎉🎉🎉🎉🎉🎉
        </span>
      </p>
       
      <div
        class="marquee"
      >
        <div
          class="marqueeInner"
        >
          
      M3-2018秋 参戦決定！！！！衝撃のデビューを見逃すな！！！！
    
        </div>
      </div>
       
      <section
        class="section"
      >
        <h2
          class="h2"
        >
          アクセスカウンター
        </h2>
         
        <p>
          あなたは0人目の訪問者です。
        </p>
         
        <p>
          現在の累計訪問者数は0人です。
        </p>
         
        <small>
          <a
            class=""
            href="/bbs"
          >
            キリ番報告はこちらで！！！
          </a>
        </small>
      </section>
       
      <section
        class="section"
      >
        <h2
          class="h2"
        >
          サークルカット
        </h2>
         
        <img
          alt="サークルカット"
          class="circleCut"
          src="@/assets/cut.png"
        />
      </section>
       
      <section
        class="section"
      >
        <h2
          class="h2"
        >
          M3スペース配置
        </h2>
         
        <table
          class="spaceTable"
        >
          <tr>
            <th>
              サークル名
            </th>
             
            <td>
              クレオフーガ定時後ビールタイム
            </td>
          </tr>
           
          <tr>
            <th>
              配置場所
            </th>
             
            <td>
              第一展示場
            </td>
          </tr>
           
          <tr>
            <th>
              スペース番号
            </th>
             
            <td>
              N-16b
            </td>
          </tr>
        </table>
         
        <section
          class="section"
        >
          <h3
            class="h3"
          >
            M3開催情報
          </h3>
           
          <p>
            日時：2018/10/28(日) 11:00〜15:30
          </p>
           
          <p>
            場所：東京流通センター(TRC)
          </p>
           
          <a
            href="http://www.m3net.jp/index.html"
          >
            M3公式サイト
          </a>
        </section>
      </section>
       
      <section
        class="section"
      >
        <h2
          class="h2"
        >
          連絡先
        </h2>
         
        <p>
          
    お問い合わせは
          <a
            href="mailto:staff@teijigo-beer-ti.me"
          >
            staff🍺teijigo-beer-ti.me
          </a>
          （🍺を@マークに変える）にお願いします。
  
        </p>
      </section>
       
      <section
        class="section"
      >
        <h2
          class="h2"
        >
          メニュー
        </h2>
         
        <p>
          <a
            class=""
            href="/disco"
          >
            
      ＞＞＞＞DISCOGRAPHY＜＜＜＜
    
          </a>
        </p>
         
        <p>
          <a
            class=""
            href="/bbs"
          >
            
      ★★★★★一言掲示板★★★★★
    
          </a>
        </p>
         
        <p>
          <a
            class=""
            href="/member"
          >
            
      🍺🍺🍺🍺️メンバー紹介🍺🍺🍺🍺
    
          </a>
        </p>
      </section>
    </div>
     
    <footer
      class="footer"
    >
      <p>
        ©定時後ビールタイム
      </p>
    </footer>
  </div>
</div>
`;
